W/BroadcastQueue(  937): Permission Denial: broadcasting Intent { act=android.net.conn.TETHER_STATE_CHANGED flg=0x24000010 (has extras) } from null (pid=-1, uid=-1) requires android.permission.CONNECTIVITY_INTERNAL due to registered receiver BroadcastFilter{65046aa8 u0 ReceiverList{64feccc8 937 system/1000/u0 local:64f82728}}
W/ContextImpl(  937): Calling a method in the system process without a qualified user: android.app.ContextImpl.sendBroadcast:1124 com.android.server.usb.UsbSettingsManager.deviceAttached:621 com.android.server.usb.UsbHostManager.usbDeviceAdded:156 com.android.server.usb.UsbHostManager.monitorUsbHostBus:-2 com.android.server.usb.UsbHostManager.access$000:38
I/ActivityManager(  937): Start proc com.android.settings for broadcast com.android.settings/.widget.SettingsAppWidgetProvider: pid=1410 uid=1000 gids={41000, 3003, 1028, 1015, 3002, 3001, 1004, 2002, 3005, 1010, 1014}
I/ActivityManager(  937): Start proc com.android.printspooler for service com.android.printspooler/.PrintSpoolerService: pid=1420 uid=10062 gids={50062}
W/ContextImpl( 1295): Calling a method in the system process without a qualified user: android.app.ContextImpl.sendBroadcast:1124 android.content.ContextWrapper.sendBroadcast:365 com.nvidia.NvCPLSvc.e.b:-1 com.nvidia.NvCPLSvc.e.a:-1 com.nvidia.NvCPLSvc.e.<init>:-1
W/ContextImpl( 1295): Calling a method in the system process without a qualified user: android.app.ContextImpl.sendBroadcast:1124 android.content.ContextWrapper.sendBroadcast:365 com.nvidia.NvCPLSvc.e.a:-1 com.nvidia.NvCPLSvc.e.<init>:-1 com.nvidia.NvCPLSvc.NvCPLService.onCreate:-1
D/WifiService(  937): New client listening to asynchronous messages
D/WifiService(  937): New client listening to asynchronous messages
I/PackageManager(  937): Adding preferred activity ComponentInfo{com.android.mms/com.android.mms.ui.ComposeMessageActivity} for user 0 :
I/PackageManager(  937): Adding preferred activity ComponentInfo{com.android.mms/com.android.mms.ui.ComposeMessageActivity} for user 0 :
W/ContextImpl( 1410): Calling a method in the system process without a qualified user: android.app.ContextImpl.bindService:1544 android.content.ContextWrapper.bindService:517 android.bluetooth.BluetoothInputDevice.doBind:245 android.bluetooth.BluetoothInputDevice.<init>:238 android.bluetooth.BluetoothAdapter.getProfileProxy:1187
I/PackageManager(  937): Adding preferred activity ComponentInfo{com.android.mms/com.android.mms.ui.ComposeMessageActivity} for user 0 :
I/PackageManager(  937): Adding preferred activity ComponentInfo{com.android.mms/com.android.mms.ui.ComposeMessageActivity} for user 0 :
W/ContextImpl( 1410): Calling a method in the system process without a qualified user: android.app.ContextImpl.bindService:1544 android.content.ContextWrapper.bindService:517 android.bluetooth.BluetoothPan.doBind:149 android.bluetooth.BluetoothPan.<init>:141 android.bluetooth.BluetoothAdapter.getProfileProxy:1190
W/ContextImpl( 1410): Calling a method in the system process without a qualified user: android.app.ContextImpl.bindService:1544 android.content.ContextWrapper.bindService:517 android.bluetooth.BluetoothMap.doBind:109 android.bluetooth.BluetoothMap.<init>:102 android.bluetooth.BluetoothAdapter.getProfileProxy:1196
W/ContextImpl( 1410): Calling a method in the system process without a qualified user: android.app.ContextImpl.bindService:1544 android.content.ContextWrapper.bindService:517 android.bluetooth.BluetoothPbap.doBind:164 android.bluetooth.BluetoothPbap.<init>:157 com.android.settings.bluetooth.PbapServerProfile.<init>:68
I/ActivityManager(  937): Start proc com.google.process.gapps for content provider com.google.android.gsf/.gservices.GservicesProvider: pid=1487 uid=10007 gids={50007, 3003, 1007, 1028, 1015, 3002, 3001, 3007, 2001, 3006}
I/ActivityManager(  937): Start proc com.google.android.keep for broadcast com.google.android.keep/.notification.AlertReceiver: pid=1505 uid=10047 gids={50047, 3003, 1028, 1015}
D/MobileDataStateTracker(  937): dun: Broadcast received: android.intent.action.ANY_DATA_STATE apnType=dun
D/MobileDataStateTracker(  937): dun: Received state=DISCONNECTED, old=DISCONNECTED, reason=radioTurnedOff
D/MobileDataStateTracker(  937): supl: Broadcast received: android.intent.action.ANY_DATA_STATE apnType=supl
D/MobileDataStateTracker(  937): supl: Received state=DISCONNECTED, old=DISCONNECTED, reason=radioTurnedOff
D/MobileDataStateTracker(  937): hipri: Broadcast received: android.intent.action.ANY_DATA_STATE apnType=hipri
D/MobileDataStateTracker(  937): hipri: Received state=DISCONNECTED, old=DISCONNECTED, reason=radioTurnedOff
D/MobileDataStateTracker(  937): default: Broadcast received: android.intent.action.ANY_DATA_STATE apnType=default
D/MobileDataStateTracker(  937): default: Received state=DISCONNECTED, old=DISCONNECTED, reason=radioTurnedOff
D/MobileDataStateTracker(  937): mms: Broadcast received: android.intent.action.ANY_DATA_STATE apnType=mms
D/MobileDataStateTracker(  937): mms: Received state=DISCONNECTED, old=DISCONNECTED, reason=radioTurnedOff
D/MobileDataStateTracker(  937): dun: Broadcast received: android.intent.action.ANY_DATA_STATE apnType=dun
D/MobileDataStateTracker(  937): dun: Received state=DISCONNECTED, old=DISCONNECTED, reason=radioTurnedOff
D/MobileDataStateTracker(  937): supl: Broadcast received: android.intent.action.ANY_DATA_STATE apnType=supl
D/MobileDataStateTracker(  937): supl: Received state=DISCONNECTED, old=DISCONNECTED, reason=radioTurnedOff
D/MobileDataStateTracker(  937): hipri: Broadcast received: android.intent.action.ANY_DATA_STATE apnType=hipri
D/MobileDataStateTracker(  937): hipri: Received state=DISCONNECTED, old=DISCONNECTED, reason=radioTurnedOff
D/MobileDataStateTracker(  937): default: Broadcast received: android.intent.action.ANY_DATA_STATE apnType=default
D/MobileDataStateTracker(  937): default: Received state=DISCONNECTED, old=DISCONNECTED, reason=radioTurnedOff
D/MobileDataStateTracker(  937): mms: Broadcast received: android.intent.action.ANY_DATA_STATE apnType=mms
D/MobileDataStateTracker(  937): mms: Received state=DISCONNECTED, old=DISCONNECTED, reason=radioTurnedOff
D/MobileDataStateTracker(  937): dun: Broadcast received: android.intent.action.ANY_DATA_STATE apnType=dun
D/MobileDataStateTracker(  937): dun: Received state=DISCONNECTED, old=DISCONNECTED, reason=dataDetached
D/MobileDataStateTracker(  937): supl: Broadcast received: android.intent.action.ANY_DATA_STATE apnType=supl
D/MobileDataStateTracker(  937): supl: Received state=DISCONNECTED, old=DISCONNECTED, reason=dataDetached
D/MobileDataStateTracker(  937): hipri: Broadcast received: android.intent.action.ANY_DATA_STATE apnType=hipri
D/MobileDataStateTracker(  937): hipri: Received state=DISCONNECTED, old=DISCONNECTED, reason=dataDetached
D/MobileDataStateTracker(  937): default: Broadcast received: android.intent.action.ANY_DATA_STATE apnType=default
D/MobileDataStateTracker(  937): default: Received state=DISCONNECTED, old=DISCONNECTED, reason=dataDetached
D/MobileDataStateTracker(  937): mms: Broadcast received: android.intent.action.ANY_DATA_STATE apnType=mms
D/MobileDataStateTracker(  937): mms: Received state=DISCONNECTED, old=DISCONNECTED, reason=dataDetached
D/MobileDataStateTracker(  937): dun: Broadcast received: android.intent.action.ANY_DATA_STATE apnType=dun
D/MobileDataStateTracker(  937): dun: Received state=DISCONNECTED, old=DISCONNECTED, reason=roamingOff
D/MobileDataStateTracker(  937): supl: Broadcast received: android.intent.action.ANY_DATA_STATE apnType=supl
D/MobileDataStateTracker(  937): supl: Received state=DISCONNECTED, old=DISCONNECTED, reason=roamingOff
D/MobileDataStateTracker(  937): hipri: Broadcast received: android.intent.action.ANY_DATA_STATE apnType=hipri
D/MobileDataStateTracker(  937): hipri: Received state=DISCONNECTED, old=DISCONNECTED, reason=roamingOff
D/MobileDataStateTracker(  937): default: Broadcast received: android.intent.action.ANY_DATA_STATE apnType=default
D/MobileDataStateTracker(  937): default: Received state=DISCONNECTED, old=DISCONNECTED, reason=roamingOff
D/MobileDataStateTracker(  937): mms: Broadcast received: android.intent.action.ANY_DATA_STATE apnType=mms
D/MobileDataStateTracker(  937): mms: Received state=DISCONNECTED, old=DISCONNECTED, reason=roamingOff
D/MobileDataStateTracker(  937): dun: Broadcast received: android.intent.action.ANY_DATA_STATE apnType=dun
D/WifiService(  937): New client listening to asynchronous messages
D/MobileDataStateTracker(  937): dun: Received state=DISCONNECTED, old=DISCONNECTED, reason=roamingOff
D/MobileDataStateTracker(  937): supl: Broadcast received: android.intent.action.ANY_DATA_STATE apnType=supl
D/MobileDataStateTracker(  937): supl: Received state=DISCONNECTED, old=DISCONNECTED, reason=roamingOff
D/MobileDataStateTracker(  937): hipri: Broadcast received: android.intent.action.ANY_DATA_STATE apnType=hipri
D/MobileDataStateTracker(  937): hipri: Received state=DISCONNECTED, old=DISCONNECTED, reason=roamingOff
D/MobileDataStateTracker(  937): default: Broadcast received: android.intent.action.ANY_DATA_STATE apnType=default
D/MobileDataStateTracker(  937): default: Received state=DISCONNECTED, old=DISCONNECTED, reason=roamingOff
D/MobileDataStateTracker(  937): mms: Broadcast received: android.intent.action.ANY_DATA_STATE apnType=mms
D/MobileDataStateTracker(  937): mms: Received state=DISCONNECTED, old=DISCONNECTED, reason=roamingOff
I/ActivityManager(  937): Start proc com.google.process.location for on-hold: pid=1544 uid=10007 gids={50007, 3003, 1007, 1028, 1015, 3002, 3001, 3007, 2001, 3006}
I/ActivityManager(  937): Start proc android.process.media for broadcast com.android.providers.media/.MtpReceiver: pid=1565 uid=10005 gids={50005, 1028, 1015, 1023, 1024, 2001, 3003, 3007}
V/BackupManagerService(  937): Connected to transport ComponentInfo{com.google.android.backuptransport/com.google.android.backup.BackupTransportService}
V/BackupManagerService(  937): Registering transport com.google.android.backuptransport/com.google.android.backup.BackupTransportService::com.google.android.backup/.BackupTransportService = com.android.internal.backup.IBackupTransport$Stub$Proxy@65200100
I/ActivityManager(  937): Start proc com.android.vending for broadcast com.android.vending/com.google.android.finsky.receivers.LocationProviderChangedReceiver: pid=1599 uid=10015 gids={50015, 3003, 1028, 1015}
D/WifiService(  937): New client listening to asynchronous messages
W/ProcessCpuTracker(  937): Skipping unknown process pid 1634
W/ProcessCpuTracker(  937): Skipping unknown process pid 1662
D/ConnectivityService(  937): Captive portal check NetworkInfo: type: WIFI[], state: CONNECTING/CAPTIVE_PORTAL_CHECK, reason: (unspecified), extra: "g|Events", roaming: false, failover: false, isAvailable: true, isConnectedToProvisioningNetwork: false
D/ConnectivityService(  937): handleCaptivePortalTrackerCheck: call captivePortalCheckComplete ni=NetworkInfo: type: WIFI[], state: CONNECTING/CAPTIVE_PORTAL_CHECK, reason: (unspecified), extra: "g|Events", roaming: false, failover: false, isAvailable: true, isConnectedToProvisioningNetwork: false
D/ConnectivityService(  937): ConnectivityChange for WIFI: CONNECTED/CONNECTED
E/ConnectivityService(  937): Unexpected mtu value: android.net.wifi.WifiStateTracker@64e85880
D/Nat464Xlat(  937): requiresClat: netType=1, hasIPv4Address=true
I/ActivityManager(  937): Start proc com.google.android.gms for service com.google.android.gms/.ads.identifier.service.AdvertisingIdService: pid=1710 uid=10007 gids={50007, 3003, 1007, 1028, 1015, 3002, 3001, 3007, 2001, 3006}
I/ActivityManager(  937): Start proc com.google.android.partnersetup for broadcast com.google.android.partnersetup/.PhoneStateReceiver: pid=1737 uid=10010 gids={50010, 3003}
D/WifiService(  937): acquireWifiLockLocked: WifiLock{NlpWifiLock type=2 binder=android.os.BinderProxy@64fc9360}
D/WifiService(  937): returning scan only
D/WifiService(  937): returning scan only
I/ActivityManager(  937): Start proc com.nvidia.NvWFDSvc for broadcast com.nvidia.NvWFDSvc/.NvwfdStartServiceReceiver: pid=1768 uid=1000 gids={41000, 3003, 1028, 1015, 3002, 3001, 1004, 2002, 3005, 1010, 1014}
W/ContextImpl( 1768): Calling a method in the system process without a qualified user: android.app.ContextImpl.startService:1480 android.content.ContextWrapper.startService:494 android.content.ContextWrapper.startService:494 com.nvidia.NvWFDSvc.NvwfdStartServiceReceiver.onReceive:30 android.app.ActivityThread.handleReceiver:2420
W/ContextImpl(  937): Calling a method in the system process without a qualified user: android.app.ContextImpl.bindService:1544 android.bluetooth.BluetoothHeadset.doBind:283 android.bluetooth.BluetoothHeadset.<init>:276 android.bluetooth.BluetoothAdapter.getProfileProxy:1181 android.media.AudioService.getBluetoothHeadset:2252
W/ContextImpl(  937): Calling a method in the system process without a qualified user: android.app.ContextImpl.bindService:1544 android.bluetooth.BluetoothA2dp.doBind:165 android.bluetooth.BluetoothA2dp.<init>:158 android.bluetooth.BluetoothAdapter.getProfileProxy:1184 android.media.AudioService$AudioServiceBroadcastReceiver.onReceive:4200
V/WiredAccessoryManager(  937): init()
I/PowerManagerService(  937): Boot animation finished.
I/ActivityManager(  937): Start proc com.google.tango for broadcast com.google.tango/com.google.atap.tango.BootReceiver: pid=1793 uid=10072 gids={50072, 1028, 1015, 3003}
D/ConnectivityService(  937): handleConnectivityChange: addresses changed linkProperty[1]: resetMask=0
D/ConnectivityService(  937):    car=removed=[] added=[fe80::216:d4ff:fee6:a421/64,]
D/Nat464Xlat(  937): requiresClat: netType=1, hasIPv4Address=true
E/ActivityThread( 1710): Failed to find provider info for com.android.contacts.metadata
W/Vold    (  156): Returning OperationFailed - no handler for errno 30
D/WifiService(  937): releaseWifiLockLocked: WifiLock{NlpWifiLock type=2 binder=android.os.BinderProxy@64fc9360}
W/ActivityThread( 1565): ClassLoader.loadClass: The class loader returned by Thread.getContextClassLoader() may fail for processes that host multiple applications. You should explicitly specify a context class loader. For example: Thread.setContextClassLoader(getClass().getClassLoader());
I/ActivityManager(  937): Start proc com.google.tango:tangocomponentservice for service com.google.tango/com.google.atap.tango.TangoSupportComponentsService: pid=1975 uid=10072 gids={50072, 1028, 1015, 3003}
I/ActivityManager(  937): Start proc com.projecttango.discovery2 for broadcast com.projecttango.discovery2/com.google.atap.tango.discovery.BootReceiver: pid=1992 uid=10066 gids={50066, 3003}
I/ActivityManager(  937): Start proc com.google.android.marvin.talkback for broadcast com.google.android.marvin.talkback/com.android.talkback.BootReceiver: pid=2011 uid=10070 gids={50070, 3003}
I/ActivityManager(  937): Start proc com.android.providers.calendar for broadcast com.android.providers.calendar/.CalendarReceiver: pid=2032 uid=10001 gids={50001, 3003, 1028, 1015}
I/BootReceiver(  937): Copying audit failures to DropBox
I/BootReceiver(  937): Checking for fsck errors
I/ActivityManager(  937): Start proc com.google.android.configupdater for broadcast com.google.android.configupdater/.CertPin.CertPinUpdateRequestReceiver: pid=2051 uid=10002 gids={50002, 3003, 2001}
I/ActivityManager(  937): Start proc com.google.android.onetimeinitializer for broadcast com.google.android.onetimeinitializer/.OneTimeInitializerReceiver: pid=2091 uid=10009 gids={50009}
I/ActivityManager(  937): Delay finish: com.google.android.partnersetup/.GooglePartnerSetup
I/ActivityManager(  937): Resuming delayed broadcast
I/ActivityManager(  937): Start proc com.android.mms for broadcast com.android.mms/.transaction.MmsSystemEventReceiver: pid=2124 uid=10013 gids={50013, 3003, 1028, 1015}
D/CountryDetector(  937): The first listener is added
I/ActivityManager(  937): Start proc com.cci.eapenhance for broadcast com.cci.eapenhance/.ft.CCIDevReceiver: pid=2158 uid=10035 gids={50035, 3001, 3002, 1028, 1015}
D/WifiService(  937): New client listening to asynchronous messages
I/ActivityManager(  937): Start proc com.android.email for broadcast com.android.email/.service.EmailBroadcastReceiver: pid=2186 uid=10036 gids={50036, 3003, 1028, 1015}
D/ActivityThread( 2186): Loading provider com.android.email.provider;com.android.email.notifier: com.android.email.provider.EmailProvider
W/ContextImpl( 1295): Calling a method in the system process without a qualified user: android.app.ContextImpl.startService:1480 android.content.ContextWrapper.startService:494 android.content.ContextWrapper.startService:494 com.nvidia.NvCPLSvc.NvCPLBootReceiver.onReceive:-1 android.app.ActivityThread.handleReceiver:2420
I/ActivityManager(  937): Start proc com.nvidia.wfdsink for broadcast com.nvidia.wfdsink/.NvWfdSinkReceiver: pid=2212 uid=1000 gids={41000, 3003, 1028, 1015, 3002, 3001, 1004, 2002, 3005, 1010, 1014}
W/ContextImpl( 2212): Calling a method in the system process without a qualified user: android.app.ContextImpl.startService:1480 android.content.ContextWrapper.startService:494 android.content.ContextWrapper.startService:494 com.nvidia.wfdsink.NvWfdSinkReceiver.onReceive:23 android.app.ActivityThread.handleReceiver:2420
I/ActivityManager(  937): Start proc com.nvwfd.server.internal.protocols for broadcast com.nvwfd.server.internal.protocols/.BootReceiver: pid=2229 uid=1000 gids={41000, 3003, 1028, 1015, 3002, 3001, 1004, 2002, 3005, 1010, 1014}
W/ActivityManager(  937): Unable to start service Intent { cmp=com.android.email/.service.AttachmentDownloadService } U=0: not found
W/ContextImpl( 2229): Calling a method in the system process without a qualified user: android.app.ContextImpl.startService:1480 android.content.ContextWrapper.startService:494 android.content.ContextWrapper.startService:494 com.nvwfd.server.internal.protocols.BootReceiver.onReceive:24 android.app.ActivityThread.handleReceiver:2420
W/ContextImpl( 2229): Calling a method in the system process without a qualified user: android.app.ContextImpl.startService:1480 android.content.ContextWrapper.startService:494 android.content.ContextWrapper.startService:494 com.nvwfd.server.internal.protocols.BootReceiver.onReceive:26 android.app.ActivityThread.handleReceiver:2420
I/ActivityManager(  937): Start proc com.android.tp_auto_calibration for broadcast com.android.tp_auto_calibration/.BootReceiver: pid=2248 uid=1000 gids={41000, 3003, 1028, 1015, 3002, 3001, 1004, 2002, 3005, 1010, 1014}
W/ActivityManager(  937): Unable to start service Intent { cmp=com.android.email/.service.AttachmentDownloadService } U=0: not found
W/ContextImpl( 2248): Calling a method in the system process without a qualified user: android.app.ContextImpl.startService:1480 android.content.ContextWrapper.startService:494 android.content.ContextWrapper.startService:494 com.android.tp_auto_calibration.BootReceiver.onReceive:16 android.app.ActivityThread.handleReceiver:2420
W/BroadcastQueue(  937): Permission Denial: receiving Intent { act=android.intent.action.BOOT_COMPLETED flg=0x8000010 (has extras) } to com.google.android.apps.plus/com.google.android.libraries.social.notifications.impl.BootCompletedReceiver requires android.permission.RECEIVE_BOOT_COMPLETED due to sender null (uid 1000)
I/ActivityManager(  937): Start proc com.google.android.gm for broadcast com.google.android.gm/.GoogleMailDeviceStartupReceiver: pid=2267 uid=10042 gids={50042, 3003, 1028, 1015}
I/ActivityManager(  937): Start proc com.android.exchange for service com.android.exchange/.service.EmailSyncAdapterService: pid=2282 uid=10037 gids={50037, 3003, 1028, 1015}
I/ActivityManager(  937): Killing 1505:com.google.android.keep/u0a47 (adj 15): empty #17
I/ActivityManager(  937): Killing 1410:com.android.settings/1000 (adj 15): empty #17
D/WifiService(  937): Client connection lost with reason: 4
D/ActivityThread( 2267): Loading provider com.android.gmail.ui: com.google.android.gm.provider.GmailProvider
D/ActivityThread( 2267): Loading provider com.google.android.gmail.provider;com.android.mail.notifier;com.google.android.gm.email.provider;com.google.android.gm.email.notifier: com.android.email.provider.EmailProvider
I/ActivityManager(  937): Start proc com.google.android.talk for broadcast com.google.android.talk/com.google.android.apps.hangouts.service.broadcastreceiver.BootReceiver: pid=2331 uid=10045 gids={50045, 3003, 1028, 1015, 3002}
W/ActivityManager(  937): Unable to start service Intent { cmp=com.google.android.gm.exchange/com.android.exchange.service.EasService } U=0: not found
I/PowerManagerService(  937): Going to sleep due to screen timeout...
I/ActivityManager(  937): Killing 1420:com.android.printspooler/u0a62 (adj 15): empty #17
W/ActivityManager(  937): Unable to start service Intent { cmp=com.google.android.gm/com.android.email.service.AttachmentService } U=0: not found
W/ActivityManager(  937): Unable to start service Intent { cmp=com.google.android.gm.exchange/com.android.exchange.service.EasService } U=0: not found
I/WindowManager(  937): Lock screen displayed!
D/ConnectivityService(  937): setProvNotificationVisible: E visible=false networkType=1 extraInfo=null url=null
W/ContextImpl(  937): Calling a method in the system process without a qualified user: android.app.ContextImpl.sendBroadcast:1138 android.net.CaptivePortalTracker.sendNetworkConditionsBroadcast:507 android.net.CaptivePortalTracker.isCaptivePortal:399 android.net.CaptivePortalTracker.access$2600:60 android.net.CaptivePortalTracker$DelayedCaptiveCheckState.processMessage:283
D/ConnectivityService(  937): captivePortalCheckCompleted: ni=NetworkInfo: type: WIFI[], state: CONNECTED/CONNECTED, reason: (unspecified), extra: "g|Events", roaming: false, failover: false, isAvailable: true, isConnectedToProvisioningNetwork: false captive=false
I/ActivityManager(  937): Start proc com.google.android.apps.maps for broadcast com.google.android.apps.maps/com.google.android.apps.gmm.navigation.service.detection.StartDetectionReceiver: pid=2388 uid=10053 gids={50053, 3003, 1028, 1015}
I/ActivityManager(  937): Killing 1710:com.google.android.gms/u0a7 (adj 15): empty #17
W/Vold    (  156): Returning OperationFailed - no handler for errno 30
W/Vold    (  156): Returning OperationFailed - no handler for errno 30
D/WifiService(  937): New client listening to asynchronous messages
I/ActivityManager(  937): Start proc com.google.android.gms.feedback for service com.google.android.gms/.feedback.FeedbackService: pid=2439 uid=10007 gids={50007, 3003, 1007, 1028, 1015, 3002, 3001, 3007, 2001, 3006}
I/ActivityManager(  937): Start proc com.google.android.youtube for broadcast com.google.android.youtube/com.google.android.libraries.youtube.upload.service.UploadService$BootReceiver: pid=2457 uid=10069 gids={50069, 3003, 1028, 1015}
I/ActivityManager(  937): Killing 1599:com.android.vending/u0a15 (adj 15): empty #17
I/ActivityManager(  937): Killing 1992:com.projecttango.discovery2/u0a66 (adj 15): empty #17
I/ActivityManager(  937): Start proc com.google.android.gms for service com.google.android.gms/.ads.identifier.service.AdvertisingIdService: pid=2493 uid=10007 gids={50007, 3003, 1007, 1028, 1015, 3002, 3001, 3007, 2001, 3006}
W/Vold    (  156): Returning OperationFailed - no handler for errno 30
W/Vold    (  156): Returning OperationFailed - no handler for errno 30
W/Vold    (  156): Returning OperationFailed - no handler for errno 30
W/Vold    (  156): Returning OperationFailed - no handler for errno 30
W/Vold    (  156): Returning OperationFailed - no handler for errno 30
W/ActivityManager(  937): Unable to start service Intent { cmp=com.google.android.youtube/com.google.android.libraries.youtube.upload.service.UploadService$BootReceiver } U=0: not found
I/ActivityManager(  937): Killing 2032:com.android.providers.calendar/u0a1 (adj 15): empty #17
I/ActivityManager(  937): Killing 2011:com.google.android.marvin.talkback/u0a70 (adj 15): empty #18
I/ActivityManager(  937): Start proc com.android.vending for broadcast com.android.vending/com.google.android.finsky.receivers.BootCompletedReceiver: pid=2581 uid=10015 gids={50015, 3003, 1028, 1015}
W/ActivityManager(  937): Permission Denial: Accessing service ComponentInfo{com.google.android.music/com.google.android.music.dial.DialMediaRouteProviderService} from pid=2457, uid=10069 that is not exported from uid 10054
D/WifiService(  937): New client listening to asynchronous messages
I/ActivityManager(  937): Start proc com.google.android.deskclock for broadcast com.google.android.deskclock/com.android.deskclock.AlarmInitReceiver: pid=2709 uid=10032 gids={50032, 1028, 3003}
I/ActivityManager(  937): Killing 2051:com.google.android.configupdater/u0a2 (adj 15): empty #17
I/ActivityManager(  937): Start proc com.google.android.keep for broadcast com.google.android.keep/.notification.AlertReceiver: pid=2746 uid=10047 gids={50047, 3003, 1028, 1015}
W/ActivityManager(  937): Unable to start service Intent { act=com.google.android.gms.auth.FRP_CONFIG_CHANGED cmp=com.google.android.gms/.auth.frp.FrpUpdateIntentService (has extras) } U=0: not found
I/ActivityManager(  937): Start proc com.google.android.googlequicksearchbox:search for broadcast com.google.android.googlequicksearchbox/com.google.android.apps.gsa.search.core.StartUpReceiver: pid=2772 uid=10020 gids={50020, 3003, 1028, 3002, 1015}
D/WifiService(  937): New client listening to asynchronous messages
E/ActivityThread( 2493): Failed to find provider info for com.google.android.wearable.settings
D/WifiService(  937): New client listening to asynchronous messages
I/ActivityManager(  937): Start proc com.google.android.calendar for broadcast com.google.android.calendar/com.android.calendar.alerts.AlertReceiver: pid=2873 uid=10027 gids={50027, 3003}
W/ActivityManager(  937): Unable to start service Intent { cmp=com.google.android.gms/xms } U=0: not found
I/ActivityManager(  937): Start proc com.google.android.gms.unstable for service com.google.android.gms/.droidguard.DroidGuardService: pid=2899 uid=10007 gids={50007, 3003, 1007, 1028, 1015, 3002, 3001, 3007, 2001, 3006}
D/ConnectivityService(  937): handleInetConditionHoldEnd: net=1, condition=100, published condition=0
I/ActivityManager(  937): Start proc com.android.providers.calendar for content provider com.android.providers.calendar/.CalendarProvider2: pid=2942 uid=10001 gids={50001, 3003, 1028, 1015}
I/ActivityManager(  937): Start proc com.google.android.apps.enterprise.dmagent for broadcast com.google.android.apps.enterprise.dmagent/.BootReceiver: pid=2978 uid=10071 gids={50071, 3003}
I/ActivityManager(  937): Killing 2091:com.google.android.onetimeinitializer/u0a9 (adj 15): empty #17
D/WifiService(  937): acquireWifiLockLocked: WifiLock{NlpWifiLock type=2 binder=android.os.BinderProxy@64aa24c8}
D/WifiService(  937): returning scan only
D/WifiService(  937): returning scan only
I/ActivityManager(  937): Start proc com.android.settings for broadcast com.android.settings/.widget.SettingsAppWidgetProvider: pid=3031 uid=1000 gids={41000, 3003, 1028, 1015, 3002, 3001, 1004, 2002, 3005, 1010, 1014}
D/WifiService(  937): New client listening to asynchronous messages
W/ContextImpl( 3031): Calling a method in the system process without a qualified user: android.app.ContextImpl.bindService:1544 android.content.ContextWrapper.bindService:517 android.bluetooth.BluetoothInputDevice.doBind:245 android.bluetooth.BluetoothInputDevice.<init>:238 android.bluetooth.BluetoothAdapter.getProfileProxy:1187
W/ContextImpl( 3031): Calling a method in the system process without a qualified user: android.app.ContextImpl.bindService:1544 android.content.ContextWrapper.bindService:517 android.bluetooth.BluetoothPan.doBind:149 android.bluetooth.BluetoothPan.<init>:141 android.bluetooth.BluetoothAdapter.getProfileProxy:1190
W/ContextImpl( 3031): Calling a method in the system process without a qualified user: android.app.ContextImpl.bindService:1544 android.content.ContextWrapper.bindService:517 android.bluetooth.BluetoothMap.doBind:109 android.bluetooth.BluetoothMap.<init>:102 android.bluetooth.BluetoothAdapter.getProfileProxy:1196
W/ContextImpl( 3031): Calling a method in the system process without a qualified user: android.app.ContextImpl.bindService:1544 android.content.ContextWrapper.bindService:517 android.bluetooth.BluetoothPbap.doBind:164 android.bluetooth.BluetoothPbap.<init>:157 com.android.settings.bluetooth.PbapServerProfile.<init>:68
I/ActivityManager(  937): Start proc com.google.android.apps.plus for broadcast com.google.android.apps.plus/com.google.android.libraries.social.autobackup.AutoBackupEnvironment$ConnectivityReceiver: pid=3052 uid=10061 gids={50061, 3003, 3002, 1028, 1015}
D/WifiService(  937): releaseWifiLockLocked: WifiLock{NlpWifiLock type=2 binder=android.os.BinderProxy@64aa24c8}
I/ActivityManager(  937): Killing 1737:com.google.android.partnersetup/u0a10 (adj 15): empty #17
I/ActivityManager(  937): Killing 2158:com.cci.eapenhance/u0a35 (adj 15): empty #17
D/WifiService(  937): Client connection lost with reason: 4
I/CertBlacklister(  937): Certificate blacklist changed, updating...
I/CertBlacklister(  937): Certificate blacklist updated
E/ActivityThread( 2493): Failed to find provider info for com.google.android.wearable.settings
I/ActivityManager(  937): Killing 2248:com.android.tp_auto_calibration/1000 (adj 15): empty #17
I/ActivityManager(  937): Killing 2282:com.android.exchange/u0a37 (adj 15): empty #17
I/ActivityManager(  937): Start proc com.google.android.apps.magazines for broadcast com.google.android.apps.magazines/com.google.apps.dots.android.newsstand.appwidget.NewsWidgetProvider: pid=3115 uid=10051 gids={50051, 3003, 1028, 1015}
D/WifiController(  937): battery changed pluggedType: 2
D/ConnectivityService(  937): handleInetConditionHoldEnd: net=1, condition=100, published condition=100
W/Vold    (  156): Returning OperationFailed - no handler for errno 30
W/Vold    (  156): Returning OperationFailed - no handler for errno 30
W/Vold    (  156): Returning OperationFailed - no handler for errno 30
W/Vold    (  156): Returning OperationFailed - no handler for errno 30
I/ActivityManager(  937): Killing 2186:com.android.email/u0a36 (adj 15): empty #17
I/ActivityManager(  937): Start proc com.google.android.music:main for broadcast com.google.android.music/.store.MediaStoreImportService$Receiver: pid=3169 uid=10054 gids={50054, 3003, 1028, 1015, 3002}
W/ActivityThread( 3169): ClassLoader.loadClass: The class loader returned by Thread.getContextClassLoader() may fail for processes that host multiple applications. You should explicitly specify a context class loader. For example: Thread.setContextClassLoader(getClass().getClassLoader());
W/Vold    (  156): Returning OperationFailed - no handler for errno 30
W/Vold    (  156): Returning OperationFailed - no handler for errno 30
W/Vold    (  156): Returning OperationFailed - no handler for errno 30
I/ActivityManager(  937): Start proc com.android.email for broadcast com.android.email/.provider.WidgetProvider: pid=3210 uid=10036 gids={50036, 3003, 1028, 1015}
D/ActivityThread( 3210): Loading provider com.android.email.provider;com.android.email.notifier: com.android.email.provider.EmailProvider
D/ActivityThread( 3210): Loading provider com.android.email.provider;com.android.email.notifier: com.android.email.provider.EmailProvider
D/ActivityThread( 3210): Loading provider com.android.email.provider;com.android.email.notifier: com.android.email.provider.EmailProvider
I/ActivityManager(  937): Killing 2267:com.google.android.gm/u0a42 (adj 15): empty #17
I/ActivityManager(  937): Start proc com.google.android.gm for broadcast com.google.android.gm/.MailIntentReceiver: pid=3235 uid=10042 gids={50042, 3003, 1028, 1015}
I/ActivityManager(  937): Killing 2331:com.google.android.talk/u0a45 (adj 15): empty #17
F/ActivityManager(  937): Service ServiceRecord{64eb48c0 u0 com.google.android.talk/com.google.android.apps.hangouts.concurrent.impl.ConcurrentService} in process ProcessRecord{64b26200 2331:com.google.android.talk/u0a45} not same as in map: null
W/ActivityManager(  937): Unable to start service Intent { cmp=com.android.email/.service.AttachmentDownloadService } U=0: not found
D/ActivityThread( 3235): Loading provider com.android.gmail.ui: com.google.android.gm.provider.GmailProvider
W/ActivityManager(  937): Unable to start service Intent { cmp=com.android.email/.service.AttachmentDownloadService } U=0: not found
W/ActivityManager(  937): Unable to start service Intent { cmp=com.android.email/.service.AttachmentDownloadService } U=0: not found
W/ActivityManager(  937): Unable to start service Intent { cmp=com.android.email/.service.AttachmentDownloadService } U=0: not found
D/ActivityThread( 3235): Loading provider com.google.android.gmail.provider;com.android.mail.notifier;com.google.android.gm.email.provider;com.google.android.gm.email.notifier: com.android.email.provider.EmailProvider
W/ActivityManager(  937): Unable to start service Intent { cmp=com.google.android.gm.exchange/com.android.exchange.service.EasService } U=0: not found
I/ActivityManager(  937): Killing 2388:com.google.android.apps.maps/u0a53 (adj 15): empty #17
W/ActivityManager(  937): Unable to start service Intent { cmp=com.google.android.gm/com.android.email.service.AttachmentService } U=0: not found
D/WifiService(  937): Client connection lost with reason: 4
W/ActivityManager(  937): Unable to start service Intent { cmp=com.google.android.gm.exchange/com.android.exchange.service.EasService } U=0: not found
I/ActivityManager(  937): Start proc com.google.android.apps.maps for broadcast com.google.android.apps.maps/com.google.android.apps.gmm.ugc.ataplace.AtAPlaceService: pid=3282 uid=10053 gids={50053, 3003, 1028, 1015}
I/ActivityManager(  937): Killing 2439:com.google.android.gms.feedback/u0a7 (adj 15): empty #17
W/Vold    (  156): Returning OperationFailed - no handler for errno 30
W/Vold    (  156): Returning OperationFailed - no handler for errno 30
D/WifiService(  937): New client listening to asynchronous messages
I/ActivityManager(  937): Start proc com.google.android.gms.feedback for service com.google.android.gms/.feedback.FeedbackService: pid=3320 uid=10007 gids={50007, 3003, 1007, 1028, 1015, 3002, 3001, 3007, 2001, 3006}
W/Vold    (  156): Returning OperationFailed - no handler for errno 30
W/Vold    (  156): Returning OperationFailed - no handler for errno 30
W/Vold    (  156): Returning OperationFailed - no handler for errno 30
W/Vold    (  156): Returning OperationFailed - no handler for errno 30
W/Vold    (  156): Returning OperationFailed - no handler for errno 30
W/Vold    (  156): Returning OperationFailed - no handler for errno 30
W/Vold    (  156): Returning OperationFailed - no handler for errno 30
I/ActivityManager(  937): Killing 2978:com.google.android.apps.enterprise.dmagent/u0a71 (adj 15): empty #17
I/ActivityManager(  937): Killing 2457:com.google.android.youtube/u0a69 (adj 15): empty #18
I/ActivityManager(  937): Start proc com.google.android.talk for broadcast com.google.android.talk/com.google.android.apps.hangouts.service.broadcastreceiver.GcmStateReceiver: pid=3366 uid=10045 gids={50045, 3003, 1028, 1015, 3002}
I/PackageManager(  937): Adding preferred activity ComponentInfo{com.android.mms/com.android.mms.ui.ComposeMessageActivity} for user 0 :
I/PackageManager(  937): Adding preferred activity ComponentInfo{com.android.mms/com.android.mms.ui.ComposeMessageActivity} for user 0 :
I/PackageManager(  937): Adding preferred activity ComponentInfo{com.android.mms/com.android.mms.ui.ComposeMessageActivity} for user 0 :
I/PackageManager(  937): Adding preferred activity ComponentInfo{com.android.mms/com.android.mms.ui.ComposeMessageActivity} for user 0 :
I/PackageManager(  937): Adding preferred activity ComponentInfo{com.android.mms/com.android.mms.ui.ComposeMessageActivity} for user 0 :
I/PackageManager(  937): Adding preferred activity ComponentInfo{com.android.mms/com.android.mms.ui.ComposeMessageActivity} for user 0 :
I/PackageManager(  937): Adding preferred activity ComponentInfo{com.android.mms/com.android.mms.ui.ComposeMessageActivity} for user 0 :
I/PackageManager(  937): Adding preferred activity ComponentInfo{com.android.mms/com.android.mms.ui.ComposeMessageActivity} for user 0 :
I/ActivityManager(  937): Killing 3031:com.android.settings/1000 (adj 15): empty #17
D/WifiService(  937): Client connection lost with reason: 4
I/ActivityManager(  937): Start proc com.google.android.apps.enterprise.dmagent for broadcast com.google.android.apps.enterprise.dmagent/.receivers.DMServiceReceiver: pid=3417 uid=10071 gids={50071, 3003}
I/ActivityManager(  937): Start proc com.google.android.configupdater for broadcast com.google.android.configupdater/.CertPin.CertPinUpdateRequestReceiver: pid=3436 uid=10002 gids={50002, 3003, 2001}
I/ActivityManager(  937): Start proc com.google.android.partnersetup for broadcast com.google.android.partnersetup/.GservicesChangedReceiver: pid=3470 uid=10010 gids={50010, 3003}
I/ActivityManager(  937): Killing 3052:com.google.android.apps.plus/u0a61 (adj 15): empty #17
I/ActivityManager(  937): Delay finish: com.google.android.partnersetup/.GservicesChangedReceiver
I/ActivityManager(  937): Resuming delayed broadcast
I/ActivityManager(  937): Killing 1328:android.process.acore/u0a3 (adj 15): empty #17
W/ActivityManager(  937): Unable to start service Intent { cmp=com.google.android.gms/.analytics.service.RefreshEnabledStateService } U=0: not found
D/WifiService(  937): New client listening to asynchronous messages
I/ActivityManager(  937): Start proc android.process.acore for broadcast com.android.providers.contacts/.PackageIntentReceiver: pid=3547 uid=10003 gids={50003, 3003, 1028, 1015}
I/ActivityManager(  937): Start proc com.android.gallery3d for broadcast com.android.gallery3d/.app.PackagesMonitor: pid=3571 uid=10040 gids={50040, 3003, 1028, 1015}
I/ActivityManager(  937): Start proc com.google.android.apps.plus for broadcast com.google.android.apps.plus/.service.PhotosAppTransitionMonitor: pid=3590 uid=10061 gids={50061, 3003, 3002, 1028, 1015}
I/ActivityManager(  937): Killing 3115:com.google.android.apps.magazines/u0a51 (adj 15): empty #17
I/ActivityManager(  937): Killing 2124:com.android.mms/u0a13 (adj 15): empty #17
D/CountryDetector(  937): No listener is left
I/ActivityManager(  937): Killing 3320:com.google.android.gms.feedback/u0a7 (adj 15): empty #17
I/ActivityManager(  937): Killing 2942:com.android.providers.calendar/u0a1 (adj 15): empty #18
W/ActivityManager(  937): Scheduling restart of crashed service com.google.android.gms/.feedback.FeedbackService in 1000ms
I/ActivityManager(  937): Start proc com.android.providers.calendar for content provider com.android.providers.calendar/.CalendarProvider2: pid=3647 uid=10001 gids={50001, 3003, 1028, 1015}
I/ConfigUpdateInstallReceiver(  937): Not installing, new version is <= current version
I/ActivityManager(  937): Start proc com.google.android.gms.feedback for service com.google.android.gms/.feedback.FeedbackService: pid=3666 uid=10007 gids={50007, 3003, 1007, 1028, 1015, 3002, 3001, 3007, 2001, 3006}
I/ConfigUpdateInstallReceiver(  937): Not installing, new version is <= current version
I/ActivityManager(  937): Killing 3282:com.google.android.apps.maps/u0a53 (adj 15): empty #17
D/WifiService(  937): Client connection lost with reason: 4
I/ActivityManager(  937): Killing 3366:com.google.android.talk/u0a45 (adj 15): empty #17
I/PackageManager(  937): Adding preferred activity ComponentInfo{com.android.mms/com.android.mms.ui.ComposeMessageActivity} for user 0 :
I/PackageManager(  937): Adding preferred activity ComponentInfo{com.android.mms/com.android.mms.ui.ComposeMessageActivity} for user 0 :
I/PackageManager(  937): Adding preferred activity ComponentInfo{com.android.mms/com.android.mms.ui.ComposeMessageActivity} for user 0 :
I/PackageManager(  937): Adding preferred activity ComponentInfo{com.android.mms/com.android.mms.ui.ComposeMessageActivity} for user 0 :
I/PackageManager(  937): Adding preferred activity ComponentInfo{com.android.mms/com.android.mms.ui.ComposeMessageActivity} for user 0 :
I/PackageManager(  937): Adding preferred activity ComponentInfo{com.android.mms/com.android.mms.ui.ComposeMessageActivity} for user 0 :
I/PackageManager(  937): Adding preferred activity ComponentInfo{com.android.mms/com.android.mms.ui.ComposeMessageActivity} for user 0 :
I/PackageManager(  937): Adding preferred activity ComponentInfo{com.android.mms/com.android.mms.ui.ComposeMessageActivity} for user 0 :
D/WifiController(  937): battery changed pluggedType: 2
I/ActivityManager(  937): Killing 2746:com.google.android.keep/u0a47 (adj 15): empty #17
I/ActivityManager(  937): Killing 3470:com.google.android.partnersetup/u0a10 (adj 15): empty #18
D/ConnectivityService(  937): Sampling interval elapsed, updating statistics ..
D/ConnectivityService(  937): Done.
D/ConnectivityService(  937): Setting timer for 720seconds
W/ActivityThread( 1793): ClassLoader.loadClass: The class loader returned by Thread.getContextClassLoader() may fail for processes that host multiple applications. You should explicitly specify a context class loader. For example: Thread.setContextClassLoader(getClass().getClassLoader());
I/ProcessStatsService(  937): Added stats: 2016-09-23-19-15-12, over +8m2s815ms
I/ProcessStatsService(  937): Added stats: 2016-09-20-15-06-12, over +20s442ms
I/ProcessStatsService(  937): Added stats: 2016-09-19-10-24-07, over +40m3s381ms
I/ProcessStatsService(  937): Added stats: 2016-09-16-14-41-35, over +33m8s487ms
I/ProcessStatsService(  937): Added stats: 2016-09-16-11-39-58, over +3h0m23s566ms
I/ProcessStatsService(  937): Added stats: 2016-08-14-14-16-00, over +1h59m46s635ms
I/ProcessStatsService(  937): Added stats: 2016-08-14-11-00-51, over +3h14m31s224ms
I/ProcessStatsService(  937): Added stats: 2016-08-14-04-36-00, over +1h46m43s933ms
I/ProcessStatsService(  937): Added stats: 2016-08-14-01-35-39, over +3h0m21s23ms
I/ActivityManager(  937): Start proc com.google.android.play.games.ui for service com.google.android.play.games/com.google.android.gms.games.service.PlayGamesBridgeService: pid=3766 uid=10060 gids={50060}
I/ActivityManager(  937): Start proc com.google.android.keep for service com.google.android.keep/.provider.RemindersDBUpgradeService: pid=3794 uid=10047 gids={50047, 3003, 1028, 1015}
I/ActivityManager(  937): Killing 2709:com.google.android.deskclock/u0a32 (adj 15): empty #17
W/Vold    (  156): Returning OperationFailed - no handler for errno 30
I/ActivityManager(  937): Start proc com.android.defcontainer for service com.android.defcontainer/.DefaultContainerService: pid=3836 uid=10004 gids={50004, 1028, 1015, 1023, 2001, 1035}
W/ActivityManager(  937): No content provider found for permission revoke: file:///data/data/com.android.providers.downloads/cache/downloadfile.apk
W/ActivityManager(  937): No content provider found for permission revoke: file:///data/data/com.android.providers.downloads/cache/downloadfile.apk
I/PackageManager(  937): Copying native libraries to /data/app-lib/vmdl555765378
D/WifiController(  937): battery changed pluggedType: 2
I/ActivityManager(  937): Force stopping com.android.vending appid=10015 user=-1: replace sys pkg
I/ActivityManager(  937): Killing 2581:com.android.vending/u0a15 (adj 9): stop com.android.vending
W/PackageManager(  937): Trying to update system app code path from /data/app/com.android.vending-2.apk to /data/app/com.android.vending-1.apk
D/WifiController(  937): battery changed pluggedType: 2
W/PackageManager(  937): Code path for pkg : com.android.vending changing from /data/app/com.android.vending-2.apk to /data/app/com.android.vending-1.apk
I/ActivityManager(  937): Force stopping com.android.vending appid=10015 user=-1: update pkg
W/PackageManager(  937): Resource path for pkg : com.android.vending changing from /data/app/com.android.vending-2.apk to /data/app/com.android.vending-1.apk
W/PackageManager(  937): Unknown permission com.android.smspush.WAPPUSH_MANAGER_BIND in package com.android.phone
W/PackageManager(  937): Unknown permission com.android.vending.billing.IBillingAccountService.BIND2 in package com.google.android.gsf.login
W/PackageManager(  937): Not granting permission android.permission.BIND_WALLPAPER to package com.android.camera2 (protectionLevel=18 flags=0xd8bc45)
W/PackageManager(  937): Not granting permission android.permission.DEVICE_POWER to package com.android.camera2 (protectionLevel=2 flags=0xd8bc45)
W/PackageManager(  937): Unknown permission android.permission.INSTALL_DRM in package com.android.mms
W/PackageManager(  937): Unknown permission android.permission.OBSERVE_GRANT_REVOKE_PERMISSIONS in package com.google.android.gms
W/PackageManager(  937): Unknown permission android.permission.MANAGE_SOUND_TRIGGER in package com.google.android.gms
W/PackageManager(  937): Unknown permission android.permission.RECOVERY in package com.google.android.gms
W/PackageManager(  937): Not granting permission android.permission.READ_DREAM_STATE to package com.google.android.gms (protectionLevel=2 flags=0xc83ec5)
W/PackageManager(  937): Unknown permission android.permission.PROVIDE_TRUST_AGENT in package com.google.android.gms
W/PackageManager(  937): Not granting permission com.google.android.apps.enterprise.dmagent.permission.AutoSyncPermission to package com.google.android.gms (protectionLevel=18 flags=0xc83ec5)
W/PackageManager(  937): Not granting permission android.permission.READ_PRIVILEGED_PHONE_STATE to package com.google.android.gms (protectionLevel=18 flags=0xc83ec5)
W/PackageManager(  937): Unknown permission android.permission.CONNECTIVITY_USE_RESTRICTED_NETWORKS in package com.google.android.gms
W/PackageManager(  937): Unknown permission android.permission.USE_FINGERPRINT in package com.google.android.gms
W/PackageManager(  937): Unknown permission android.permission.SEND_SMS_NO_CONFIRMATION in package com.google.android.gms
W/PackageManager(  937): Not granting permission android.permission.PACKAGE_USAGE_STATS to package com.google.android.gms (protectionLevel=18 flags=0xc83ec5)
W/PackageManager(  937): Unknown permission android.permission.MANAGE_VOICE_KEYPHRASES in package com.google.android.gms
W/PackageManager(  937): Unknown permission android.permission.TETHER_PRIVILEGED in package com.google.android.gms
W/PackageManager(  937): Unknown permission android.permission.REAL_GET_TASKS in package com.google.android.gms
W/PackageManager(  937): Unknown permission android.permission.READ_OEM_UNLOCK_STATE in package com.google.android.gms
W/PackageManager(  937): Unknown permission android.permission.SCORE_NETWORKS in package com.google.android.gms
W/PackageManager(  937): Unknown permission android.permission.OVERRIDE_WIFI_CONFIG in package com.google.android.gms
W/PackageManager(  937): Unknown permission android.permission.CONTROL_INCALL_EXPERIENCE in package com.google.android.gms
W/PackageManager(  937): Unknown permission android.permission.USER_ACTIVITY in package com.google.android.gms
W/PackageManager(  937): Unknown permission android.permission.MODIFY_AUDIO_ROUTING in package com.google.android.gms
W/PackageManager(  937): Unknown permission com.google.android.wearable.READ_SETTINGS in package com.google.android.gms
W/PackageManager(  937): Unknown permission android.permission.INTENT_FILTER_VERIFICATION_AGENT in package com.google.android.gms
W/PackageManager(  937): Unknown permission android.permission.LOCAL_MAC_ADDRESS in package com.google.android.gms
W/PackageManager(  937): Unknown permission android.permission.CHANGE_DEVICE_IDLE_TEMP_WHITELIST in package com.google.android.gms
W/PackageManager(  937): Unknown permission com.google.android.wh.supervisor.permission.ACCESS_METADATA_SERVICE in package com.google.android.gms
W/PackageManager(  937): Unknown permission android.permission.READ_WIFI_CREDENTIAL in package com.google.android.gms
W/PackageManager(  937): Unknown permission android.permission.SUBSTITUTE_NOTIFICATION_APP_NAME in package com.google.android.gms
W/PackageManager(  937): Unknown permission android.permission.BODY_SENSORS in package com.google.android.gms
W/PackageManager(  937): Unknown permission android.permission.NOTIFY_PENDING_SYSTEM_UPDATE in package com.google.android.gms
W/PackageManager(  937): Unknown permission com.android.voicemail.permission.READ_VOICEMAIL in package com.google.android.gms
W/PackageManager(  937): Unknown permission android.permission.READ_OWNER_DATA in package com.google.android.setupwizard
W/PackageManager(  937): Unknown permission android.permission.WRITE_OWNER_DATA in package com.google.android.setupwizard
W/PackageManager(  937): Not granting permission android.permission.READ_LOGS to package com.projecttango.experiments.debugoverlay (protectionLevel=50 flags=0x88be44)
W/PackageManager(  937): Unknown permission com.nvidia.penapplauncher.permission.CONTROL in package com.android.settings
W/PackageManager(  937): Unknown permission com.google.android.launcher.permission.CONTENT_REDIRECT in package com.google.android.googlequicksearchbox
W/PackageManager(  937): Unknown permission com.google.android.voicesearch.SHORTCUTS_ACCESS in package com.google.android.googlequicksearchbox
W/PackageManager(  937): Unknown permission com.google.android.voicesearch.ACCESS_SETTINGS in package com.google.android.googlequicksearchbox
W/PackageManager(  937): Unknown permission com.android.browser.permission.PRELOAD in package com.google.android.googlequicksearchbox
W/PackageManager(  937): Unknown permission com.google.android.ears.permission.WRITE in package com.google.android.googlequicksearchbox
W/PackageManager(  937): Not granting permission android.permission.INTERACT_ACROSS_USERS to package com.google.android.googlequicksearchbox (protectionLevel=50 flags=0xdbbec5)
